{"mode": "apply", "targets": 294, "key_source": "GOOGLE_MAPS_API_KEY"}
[1/294] Евгений Чебатков — Stand Up Show
[2/294] открыла свою уютную студию ENDO Studio
[3/294] Elena Garmazh FYSM Yoga Coach
[4/294] Евгения Бобровская
[5/294] Уютный private studio
[6/294] Диана Калифорнийская | Психолог. Сложности в отношениях. ПСИХОЛОГ. ГИПНОТЕРАПЕВТ. Телесно ориентированный психолог
[7/294] Anna Lukina
[8/294] Savenko Anastasia
[9/294] древняя шаманка
[10/294] УКРАЇНОМОВНИЙ ЦЕНТР
[11/294] Licensed Home Bakery
[12/294] Диана Калифорнийская | Психолог. Сложности в отношениях. ПСИХОЛОГ. ГИПНОТЕРАПЕВТ. Телесно ориентированный психолог
[13/294] Диана Калифорнийская | Психолог. Сложности в отношениях. ПСИХОЛОГ. ГИПНОТЕРАПЕВТ. Телесно ориентированный психолог
[14/294] Диана Калифорнийская | Психолог. Сложности в отношениях. ПСИХОЛОГ. ГИПНОТЕРАПЕВТ. Телесно ориентированный психолог
[15/294] Elizaveta Petrova
[16/294] Sasha Sorokina
[17/294] Zachary Emelian
[18/294] Ірина Капіцька
[19/294] Ангеліна Гудьковська
[20/294] Yana Shvedova
[21/294] Victoria Rogalska
[22/294] Yana Shvedova
[23/294] Настя Рыжик Ginger Foto
[24/294] Olga Kliukina
[25/294] Black Label Auto Studio
[26/294] Юлія Василович
[27/294] Диана Калифорнийская | Психолог. Сложности в отношениях. ПСИХОЛОГ. ГИПНОТЕРАПЕВТ. Телесно ориентированный психолог
[28/294] Kc84 Brecer
[29/294] American English
[30/294] Helping US middle and high school
[31/294] high school
[32/294] Всеволод Климчук
[33/294] СММ ТАРГЕТ РЕКЛАМА США 🇺🇸 ОАЭ 🇦🇪
[34/294] Joanne Nellie
[35/294] no choice beauty studio
[36/294] Yagmyrov Atajan Credit Repair
[37/294] Corp Tax Inc
[38/294] Rent & Loans USA
[39/294] Violetta Lawrence ❤️‍ Art Director
[40/294] Andrey Gromov
[41/294] Влад Нестеренко
[42/294] Kelov Studio
[43/294] Диана Калифорнийская | Психолог. Сложности в отношениях. ПСИХОЛОГ. ГИПНОТЕРАПЕВТ. Телесно ориентированный психолог
[44/294] RK · car_rental
[45/294] Слава Маршак
[46/294] Victoria Kuzyakina
[47/294] Elmira Sibagatova — Beauty Room Rental
[48/294] Kristina Immerman - Moscow-to-USA Courier
[49/294] Julia Leo - Skincare Products
[50/294] Eugenia Delaveri - Real Estate Agent
[51/294] Mikhail Kulesh - Vehicle Rental
[52/294] Alina Shakirova - Web & SEO Services
[53/294] La Paving - Construction Services
[54/294] Vyacheslav Papkov - Auto Insurance Services
[55/294] Bogdan Chugunov - Siberian Elixir Health Products
[56/294] Ivan - Handyman Repairs
[57/294] Nat Ben - Personal Image Consultant
[58/294] Ruslan Kalumov - Moving Services
[59/294] Arazu Alieva - English Teacher
[60/294] Julia Kolesnikova
[61/294] Toyota Corolla Hybrid 2026 Rental
[62/294] Treasure Rack San Diego
[63/294] Car Towing (Artur Arutiunov)
[64/294] Ruzanna Melikyan
[65/294] Anastasia Kinder
[66/294] Ирина
[67/294] Натали
[68/294] Elvira S @mama_print
[69/294] Dance PROgression
[70/294] aigerim_bimoldina
[71/294] Vivika
[72/294] Victoria Yakovenko
[73/294] Elmira73
[74/294] Olga Savitskaya
[75/294] Tanya
[76/294] Алла
[77/294] Anastasiya
[78/294] Таисия Шаповалова
[79/294] The Village Spectrum
[80/294] Anna Ahmatova
[81/294] Юля
[82/294] Natalia Belova
[83/294] Masha Angel
[84/294] Cell
[85/294] Позвоните Татьяне
[86/294] Галина
[87/294] reel
[88/294] Ekaterina Samsonova
[89/294] Dmitry
[90/294] Пиклбол в Ирвайне
[91/294] Anastasiya Posashenko
[92/294] suverdiboost
[93/294] your appointment at EVELINA BEAUTY SALON
[94/294] Mike California
[95/294] Vlad
[96/294] Связь
[97/294] Глендейл
[98/294] Toujours Flower Boutique
[99/294] Флорида
[100/294] Регистрация LLC
[101/294] Lana.Investor RealtorInvestor
[102/294] Kim
[103/294] Svetlana S
[104/294] Рэй
[105/294] SvetickLA
[106/294] Arvian Law Firm LLC
[107/294] Tigran Arutiunian
[108/294] Yana Adabir
[109/294] LIDIIA
[110/294] Ольга
[111/294] Леонид
[112/294] renna^афк
[113/294] Old school
[114/294] Repair Pro
[115/294] Сергей
[116/294] Elizaveta Pavlunenko
[117/294] Сергей
[118/294] Evgeniya Slimface
[119/294] Alyona Koolhaas
[120/294] Nata
[121/294] Мигель Фигероа
[122/294] Марина
[123/294] San Diego
[124/294] Диана Калифорнийская | Психолог. Сложности в отношениях. ПСИХОЛОГ. ГИПНОТЕРАПЕВТ. Телесно ориентированный психолог
[125/294] Ирина Кундухова
[126/294] Сергей Петров
[127/294] Кристина Орлова
[128/294] Valentyna Vasiura
[129/294] happy.tails.grooming.oc
[130/294] Мила
[131/294] Наргиза
[132/294] Лёша Волков
[133/294] swimmingcoach_losangeles_oc
[134/294] Людмила | преподаватель 🇺🇸 🇺🇸 онлайн1
[135/294] mama_bear_oc
[136/294] Acrossers Dance Studio
[137/294] hair_extension_usa
[138/294] Милана Приглашаю вас
[139/294] Maria (Masha) Tumanyan
[140/294] Aleksandr
[141/294] Bek’s Flowers
[142/294] Анна Гурина
[143/294] rushindocumentation.com
[144/294] Vorontsovaart
[145/294] Екатерина
[146/294] Anna A A
[147/294] Наиля
[148/294] Mila
[149/294] Alena
[150/294] Мастер Fahim
[151/294] O M
[152/294] Veronika Ratova
[153/294] Jane Smith
[154/294] Lana Janew
[155/294] Dovbenko Truck Insurance
[156/294] Satenik Adzhemian
[157/294] Aleksey Sergeev
[158/294] Yagmyrov Atajan Credit Repair
[159/294] ILONA nails
[160/294] StairEdu Sergey
[161/294] Оксана Куриленко
[162/294] Angelina
[163/294] LA_OrangeCounty_bot
[164/294] регистрации LLC
[165/294] Igor Pchelintsev
[166/294] Открытие LLC
[167/294] MMGG FORMS
[168/294] Letter Fox
[169/294] Inna Meleshko
[170/294] Svetlana K. Pantelic
[171/294] Katrin Svt - Nail Services
[172/294] Teresa M Dolan - Hair Color Model Coordinator
[173/294] Алия Сидорова
[174/294] Lutsenko Yuliia
[175/294] Vika sweet_bakery
[176/294] Mike California
[177/294] Anastasiya Zai
[178/294] Диана Калифорнийская | Психолог. Сложности в отношениях. ПСИХОЛОГ. ГИПНОТЕРАПЕВТ. Телесно ориентированный психолог
[179/294] Anastasiia Vasileva
[180/294] Новый beauty salon
[181/294] Ирина Кундухова
[182/294] Amega Studios
[183/294] rusoc.com
[184/294] Денис Шульга
[185/294] Narek Mega Motors Los Angeles
[186/294] Ira Body Sculpting Studio
[187/294] репетитор англ
[188/294] Артём
[189/294] Andrei Tarzan
[190/294] Сергей Анищенко
[191/294] Яночка✨
[192/294] Anna Ahmatova
[193/294] Golden star ️
[194/294] Liubov Smetanina
[195/294] Nazgul Nurlan
[196/294] Olga Loginova, Lifespringhomeopathy.com
[197/294] US Drive Services
[198/294] Igor Green - Business Licensing Protection
[199/294] CaliBuilders
[200/294] Victor Home Repair Specialist
[201/294] Alex Auto Brokering
[202/294] US VACATION
[203/294] Peter Katya Dudarenko
[204/294] Elena
[205/294] George Khazanovskiy - Real Estate Agent
[206/294] SBSHealth Los Angeles / Step by Step LA
[207/294] Vladimir Way
[208/294] Irina Kirzhner — Летний пикник знакомств
[209/294] Michael Finkelstein — Gluten Free Bread
[210/294] Evgeniia Shtefan
[211/294] Lena Indiukova
[212/294] Maryna Nails
[213/294] Olena Farah
[214/294] Marshmallow Magic
[215/294] Viktoriya Adamovskaya
[216/294] Ira Azovtseva
[217/294] Anastasia Kinder — Russian Manicure / Pedicure
[218/294] Evgeniya Grigoreva
[219/294] sabina.kravchenko
[220/294] Lyubov Nikonova
[221/294] Oksana Moskvitina
[222/294] Oksana Moskvitina
[223/294] Kai - T
[224/294] Kai - T
[225/294] Oksana Moskvitina
[226/294] Анна Еремеев
[227/294] MilaTax
[228/294] Metro Tech Academy
[229/294] Olga Osipova Fitness
[230/294] Izlatop Insurance Agency
[231/294] Surprise Me Balloon Bar
[232/294] Smile Kids Party (Tsvang Co)
[233/294] Марине — Licensed Cosmetologist
[234/294] Ilya
[235/294] Ahmadzhnova Feruza - Beauty Salon Hiring
[236/294] Coastal Carts RMV
[237/294] Flora Barshak
[238/294] Kaivy Alteration Studio
[239/294] Stelar Tex - Helper Position
[240/294] Realtor Valeriia
[241/294] Liudmyla Muzyra House Repair
[242/294] Roman Rybin
[243/294] Anna Esthetician
[244/294] mary.shlykova
[245/294] Leyla Kamila
[246/294] OK Daisy
[247/294] Neptune Seafood
[248/294] Karina Lazareva — House Cleaning
[249/294] Anastasia Pedicure OC
[250/294] Pavel Krylov
[251/294] Lidiia Gordienko
[252/294] Oksana Spasiuk
[253/294] Oleh Spasiuk
[254/294] Den Mataev — Silver Bay Caviar Delivery
[255/294] Zulya Alieva
[256/294] Kalinka Service — Rita Shvalikovskaya
[257/294] Rita Sarafutdinova
[258/294] TutOwl Online School
[259/294] Наталья Яргомская (Niargomsk)
[260/294] TranslatorPro — Михаил Богомольный
[261/294] Sugaring Nastena
[262/294] United States Beauty studio
[263/294] Valeriia Andriushchenko
[264/294] Оксана
[265/294] EVOKIFY
[266/294] Collision Repair LA (Santa)
[267/294] Tigran — Car Audio
[268/294] Ремонт моторов (Valley Blvd)
[269/294] Maria Inevatova
[270/294] Mimoda Studio — «Высоцкий. Живой»
[271/294] Al · auto_services
[272/294] dr__modarres
[273/294] Akimbo Barbershop
[274/294] Diamond Tint Studio
[275/294] Auto Body & Repair (Long Beach)
[276/294] Маке плов (Aibek)
[277/294] Айзада — шугаринг
[278/294] Alena Petrova Hair
[279/294] Daria Center (летний лагерь)
[280/294] Баня от Алексея
[281/294] Animal Clinic USA
[282/294] Бесплатная офисная комната (Encino)
[283/294] Unity Adult Day Health Care
[284/294] Lana Cher
[285/294] Татьяна
[286/294] Уютная private studio
[287/294] OC Dance Fit — Elizabeth Azamatov
[288/294] Mi Care Beauty
[289/294] Sunrise Education Center
[290/294] Ivan Handyman
[291/294] I❤️Montessori (Olga Semenova)
[292/294] 5 Star Appliance Repair
[293/294] Vasilki Café Bakery
[294/294] Merry Hive Daycare
{
  "mode": "apply",
  "targets": 294,
  "accepted": 1,
  "doubtful_multi": 0,
  "with_patch": 1,
  "applied": 1
}
Wrote /Users/sammov/Russian business AI/scripts/business-enrich/data/enrich_places_report.json
Doubtful sample:
- batch2-evgeniy-chebatkov-stand-up-show reject_low_score 0.0 Wilshire Ebell Theatre
- открыла-свою-уютную-студию-endo-studio-150657 reject_low_score 10.0 ENDO Studio OC
- elena-garmazh-fysm-yoga-coach-150712 reject_low_score 10.0 mog&yoga
- евгения-бобровская-150713 zero_results None 
- private-studio-172224 reject_low_score 0.0 OC Studio Rentals
- business-biz-180845 reject_low_score 0.0 Shanti Orange County
- anna-lukina-180846 reject_low_score 0.0 Aniko F. Lengyel, PharmD CNS
- savenko-anastasia-180857 reject_low_score 12.5 St. Anastasia Catholic Church⛪
- business-biz-180901 reject_low_score 0.0 Shamananda
- business-biz-180902 reject_low_score 0.0 Ukrainian School of Orange County
- licensed-home-bakery-180903 reject_low_score 16.666666666666664 Orange Bakery, Inc.
- business-biz-180904 reject_low_score 0.0 Shanti Orange County
- business-biz-180908 zero_results None 
- business-biz-180909 reject_low_score 0.0 Shanti Orange County
- elizaveta-petrova-180911 zero_results None 
